// Jest Snapshot v1, https://goo.gl/fbAQLP

exports[`Data Table View renders 1`] = `
Array [
  <div
    className="MuiPaper-root MuiTableContainer-root MuiPaper-elevation1 MuiPaper-rounded"
    style={
      Object {
        "overflow": "auto",
      }
    }
  >
    <table
      aria-label="/iplant/home/ipcdev Data Table"
      className="MuiTable-root MuiTable-stickyHeader"
      id="tableView.listingTable"
      role={null}
    >
      <thead
        className="MuiTableHead-root"
        role={null}
      >
        <tr
          className="MuiTableRow-root MuiTableRow-head"
          role={null}
        >
          <th
            aria-sort={null}
            className="MuiTableCell-root MuiTableCell-head MuiTableCell-paddingCheckbox MuiTableCell-sizeSmall MuiTableCell-stickyHeader"
            scope="col"
          >
            <span
              aria-disabled={false}
              className="MuiButtonBase-root MuiIconButton-root PrivateSwitchBase-root-4 MuiCheckbox-root MuiCheckbox-colorPrimary MuiIconButton-colorPrimary"
              onBlur={[Function]}
              onDragLeave={[Function]}
              onFocus={[Function]}
              onKeyDown={[Function]}
              onKeyUp={[Function]}
              onMouseDown={[Function]}
              onMouseLeave={[Function]}
              onMouseUp={[Function]}
              onTouchEnd={[Function]}
              onTouchMove={[Function]}
              onTouchStart={[Function]}
              tabIndex={null}
            >
              <span
                className="MuiIconButton-label"
              >
                <input
                  aria-label={
                    <FormattedMessage
                      id="selectAll"
                      values={Object {}}
                    />
                  }
                  checked={false}
                  className="PrivateSwitchBase-input-7"
                  data-indeterminate={false}
                  onChange={[Function]}
                  type="checkbox"
                />
                <svg
                  aria-hidden={true}
                  className="MuiSvgIcon-root"
                  focusable="false"
                  viewBox="0 0 24 24"
                >
                  <path
                    d="M19 5v14H5V5h14m0-2H5c-1.1 0-2 .9-2 2v14c0 1.1.9 2 2 2h14c1.1 0 2-.9 2-2V5c0-1.1-.9-2-2-2z"
                  />
                </svg>
              </span>
              <span
                className="MuiTouchRipple-root"
              />
            </span>
          </th>
          <th
            aria-sort={null}
            className="MuiTableCell-root MuiTableCell-head MuiTableCell-alignCenter MuiTableCell-sizeSmall MuiTableCell-stickyHeader"
            id="tableView.listingTable.checkbox"
            scope="col"
          >
            
          </th>
          <th
            aria-sort={null}
            className="MuiTableCell-root MuiTableCell-head MuiTableCell-alignLeft MuiTableCell-sizeSmall MuiTableCell-stickyHeader"
            id="tableView.listingTable.name"
            scope="col"
          >
            <span
              aria-describedby={null}
              aria-disabled={false}
              className="MuiButtonBase-root MuiTableSortLabel-root"
              onBlur={[Function]}
              onClick={[Function]}
              onDragLeave={[Function]}
              onFocus={[Function]}
              onKeyDown={[Function]}
              onKeyUp={[Function]}
              onMouseDown={[Function]}
              onMouseLeave={[Function]}
              onMouseOver={[Function]}
              onMouseUp={[Function]}
              onTouchEnd={[Function]}
              onTouchMove={[Function]}
              onTouchStart={[Function]}
              role="button"
              tabIndex={0}
              title={null}
            >
              Name
              <svg
                aria-hidden={true}
                className="MuiSvgIcon-root MuiTableSortLabel-icon MuiTableSortLabel-iconDirectionAsc"
                focusable="false"
                viewBox="0 0 24 24"
              >
                <path
                  d="M20 12l-1.41-1.41L13 16.17V4h-2v12.17l-5.58-5.59L4 12l8 8 8-8z"
                />
              </svg>
            </span>
          </th>
          <th
            aria-sort={null}
            className="MuiTableCell-root MuiTableCell-head MuiTableCell-alignRight MuiTableCell-sizeSmall MuiTableCell-stickyHeader"
            id="tableView.listingTable.dotMenu"
            scope="col"
          >
            <button
              aria-controls="tableView.listingTable.customCols"
              aria-haspopup="true"
              aria-label="Customize table columns"
              className="MuiButtonBase-root MuiButton-root MuiButton-outlined MuiButton-outlinedSizeSmall MuiButton-sizeSmall"
              disabled={false}
              onBlur={[Function]}
              onClick={[Function]}
              onDragLeave={[Function]}
              onFocus={[Function]}
              onKeyDown={[Function]}
              onKeyUp={[Function]}
              onMouseDown={[Function]}
              onMouseLeave={[Function]}
              onMouseUp={[Function]}
              onTouchEnd={[Function]}
              onTouchMove={[Function]}
              onTouchStart={[Function]}
              tabIndex={0}
              type="button"
            >
              <span
                className="MuiButton-label"
              />
              <span
                className="MuiTouchRipple-root"
              />
            </button>
          </th>
        </tr>
      </thead>
      <tbody
        className="MuiTableBody-root"
        role={null}
      >
        <tr
          aria-checked={false}
          aria-label={null}
          className="MuiTableRow-root MuiTableRow-hover"
          id="tableView.listingTable.analyses_qa-3"
          onClick={[Function]}
          role="checkbox"
          tabIndex={0}
          title={null}
        >
          <td
            aria-sort={null}
            className="MuiTableCell-root MuiTableCell-body MuiTableCell-paddingCheckbox MuiTableCell-sizeSmall"
          >
            <span
              aria-disabled={false}
              className="MuiButtonBase-root MuiIconButton-root PrivateSwitchBase-root-4 MuiCheckbox-root MuiCheckbox-colorPrimary MuiIconButton-colorPrimary"
              onBlur={[Function]}
              onDragLeave={[Function]}
              onFocus={[Function]}
              onKeyDown={[Function]}
              onKeyUp={[Function]}
              onMouseDown={[Function]}
              onMouseLeave={[Function]}
              onMouseUp={[Function]}
              onTouchEnd={[Function]}
              onTouchMove={[Function]}
              onTouchStart={[Function]}
              tabIndex={null}
            >
              <span
                className="MuiIconButton-label"
              >
                <input
                  aria-label="analyses_qa-3 checkbox"
                  checked={false}
                  className="PrivateSwitchBase-input-7"
                  data-indeterminate={false}
                  id="tableView.listingTable.analyses_qa-3.checkbox"
                  onChange={[Function]}
                  tabIndex={0}
                  type="checkbox"
                />
                <svg
                  aria-hidden={true}
                  className="MuiSvgIcon-root"
                  focusable="false"
                  viewBox="0 0 24 24"
                >
                  <path
                    d="M19 5v14H5V5h14m0-2H5c-1.1 0-2 .9-2 2v14c0 1.1.9 2 2 2h14c1.1 0 2-.9 2-2V5c0-1.1-.9-2-2-2z"
                  />
                </svg>
              </span>
              <span
                className="MuiTouchRipple-root"
              />
            </span>
          </td>
          <td
            aria-sort={null}
            className="MuiTableCell-root MuiTableCell-body MuiTableCell-paddingCheckbox MuiTableCell-sizeSmall"
          />
          <td
            aria-sort={null}
            className="MuiTableCell-root MuiTableCell-body MuiTableCell-sizeSmall"
          >
            <span
              className="makeStyles-dataLink-14"
              id="tableView.listingTable.analyses_qa-3.navigationLink"
              onClick={[Function]}
              onKeyDown={[Function]}
              role="link"
              tabIndex={0}
            >
              analyses_qa-3
            </span>
          </td>
          <td
            aria-sort={null}
            className="MuiTableCell-root MuiTableCell-body MuiTableCell-alignRight MuiTableCell-sizeSmall"
          >
            <button
              aria-controls="tableView.listingTable.analyses_qa-3.moreMenu"
              aria-haspopup="true"
              className="MuiButtonBase-root MuiIconButton-root MuiIconButton-sizeSmall"
              disabled={false}
              id="tableView.listingTable.analyses_qa-3.dotMenuIcon"
              onBlur={[Function]}
              onClick={[Function]}
              onDragLeave={[Function]}
              onFocus={[Function]}
              onKeyDown={[Function]}
              onKeyUp={[Function]}
              onMouseDown={[Function]}
              onMouseLeave={[Function]}
              onMouseUp={[Function]}
              onTouchEnd={[Function]}
              onTouchMove={[Function]}
              onTouchStart={[Function]}
              tabIndex={0}
              type="button"
            >
              <span
                className="MuiIconButton-label"
              >
                <svg
                  aria-hidden={true}
                  className="MuiSvgIcon-root"
                  focusable="false"
                  viewBox="0 0 24 24"
                >
                  <path
                    d="M12 8c1.1 0 2-.9 2-2s-.9-2-2-2-2 .9-2 2 .9 2 2 2zm0 2c-1.1 0-2 .9-2 2s.9 2 2 2 2-.9 2-2-.9-2-2-2zm0 6c-1.1 0-2 .9-2 2s.9 2 2 2 2-.9 2-2-.9-2-2-2z"
                  />
                </svg>
              </span>
              <span
                className="MuiTouchRipple-root"
              />
            </button>
            <form
              onReset={[Function]}
              onSubmit={[Function]}
            />
          </td>
        </tr>
        <tr
          aria-checked={false}
          aria-label={null}
          className="MuiTableRow-root MuiTableRow-hover"
          id="tableView.listingTable.test"
          onClick={[Function]}
          role="checkbox"
          tabIndex={0}
          title={null}
        >
          <td
            aria-sort={null}
            className="MuiTableCell-root MuiTableCell-body MuiTableCell-paddingCheckbox MuiTableCell-sizeSmall"
          >
            <span
              aria-disabled={false}
              className="MuiButtonBase-root MuiIconButton-root PrivateSwitchBase-root-4 MuiCheckbox-root MuiCheckbox-colorPrimary MuiIconButton-colorPrimary"
              onBlur={[Function]}
              onDragLeave={[Function]}
              onFocus={[Function]}
              onKeyDown={[Function]}
              onKeyUp={[Function]}
              onMouseDown={[Function]}
              onMouseLeave={[Function]}
              onMouseUp={[Function]}
              onTouchEnd={[Function]}
              onTouchMove={[Function]}
              onTouchStart={[Function]}
              tabIndex={null}
            >
              <span
                className="MuiIconButton-label"
              >
                <input
                  aria-label="test checkbox"
                  checked={false}
                  className="PrivateSwitchBase-input-7"
                  data-indeterminate={false}
                  id="tableView.listingTable.test.checkbox"
                  onChange={[Function]}
                  tabIndex={0}
                  type="checkbox"
                />
                <svg
                  aria-hidden={true}
                  className="MuiSvgIcon-root"
                  focusable="false"
                  viewBox="0 0 24 24"
                >
                  <path
                    d="M19 5v14H5V5h14m0-2H5c-1.1 0-2 .9-2 2v14c0 1.1.9 2 2 2h14c1.1 0 2-.9 2-2V5c0-1.1-.9-2-2-2z"
                  />
                </svg>
              </span>
              <span
                className="MuiTouchRipple-root"
              />
            </span>
          </td>
          <td
            aria-sort={null}
            className="MuiTableCell-root MuiTableCell-body MuiTableCell-paddingCheckbox MuiTableCell-sizeSmall"
          />
          <td
            aria-sort={null}
            className="MuiTableCell-root MuiTableCell-body MuiTableCell-sizeSmall"
          >
            <span
              className="makeStyles-dataLink-14"
              id="tableView.listingTable.test.navigationLink"
              onClick={[Function]}
              onKeyDown={[Function]}
              role="link"
              tabIndex={0}
            >
              test
            </span>
          </td>
          <td
            aria-sort={null}
            className="MuiTableCell-root MuiTableCell-body MuiTableCell-alignRight MuiTableCell-sizeSmall"
          >
            <button
              aria-controls="tableView.listingTable.test.moreMenu"
              aria-haspopup="true"
              className="MuiButtonBase-root MuiIconButton-root MuiIconButton-sizeSmall"
              disabled={false}
              id="tableView.listingTable.test.dotMenuIcon"
              onBlur={[Function]}
              onClick={[Function]}
              onDragLeave={[Function]}
              onFocus={[Function]}
              onKeyDown={[Function]}
              onKeyUp={[Function]}
              onMouseDown={[Function]}
              onMouseLeave={[Function]}
              onMouseUp={[Function]}
              onTouchEnd={[Function]}
              onTouchMove={[Function]}
              onTouchStart={[Function]}
              tabIndex={0}
              type="button"
            >
              <span
                className="MuiIconButton-label"
              >
                <svg
                  aria-hidden={true}
                  className="MuiSvgIcon-root"
                  focusable="false"
                  viewBox="0 0 24 24"
                >
                  <path
                    d="M12 8c1.1 0 2-.9 2-2s-.9-2-2-2-2 .9-2 2 .9 2 2 2zm0 2c-1.1 0-2 .9-2 2s.9 2 2 2 2-.9 2-2-.9-2-2-2zm0 6c-1.1 0-2 .9-2 2s.9 2 2 2 2-.9 2-2-.9-2-2-2z"
                  />
                </svg>
              </span>
              <span
                className="MuiTouchRipple-root"
              />
            </button>
            <form
              onReset={[Function]}
              onSubmit={[Function]}
            />
          </td>
        </tr>
        <tr
          aria-checked={false}
          aria-label={null}
          className="MuiTableRow-root MuiTableRow-hover"
          id="tableView.listingTable.CORE-8424.txt"
          onClick={[Function]}
          role="checkbox"
          tabIndex={0}
          title={null}
        >
          <td
            aria-sort={null}
            className="MuiTableCell-root MuiTableCell-body MuiTableCell-paddingCheckbox MuiTableCell-sizeSmall"
          >
            <span
              aria-disabled={false}
              className="MuiButtonBase-root MuiIconButton-root PrivateSwitchBase-root-4 MuiCheckbox-root MuiCheckbox-colorPrimary MuiIconButton-colorPrimary"
              onBlur={[Function]}
              onDragLeave={[Function]}
              onFocus={[Function]}
              onKeyDown={[Function]}
              onKeyUp={[Function]}
              onMouseDown={[Function]}
              onMouseLeave={[Function]}
              onMouseUp={[Function]}
              onTouchEnd={[Function]}
              onTouchMove={[Function]}
              onTouchStart={[Function]}
              tabIndex={null}
            >
              <span
                className="MuiIconButton-label"
              >
                <input
                  aria-label="CORE-8424.txt checkbox"
                  checked={false}
                  className="PrivateSwitchBase-input-7"
                  data-indeterminate={false}
                  id="tableView.listingTable.CORE-8424.txt.checkbox"
                  onChange={[Function]}
                  tabIndex={0}
                  type="checkbox"
                />
                <svg
                  aria-hidden={true}
                  className="MuiSvgIcon-root"
                  focusable="false"
                  viewBox="0 0 24 24"
                >
                  <path
                    d="M19 5v14H5V5h14m0-2H5c-1.1 0-2 .9-2 2v14c0 1.1.9 2 2 2h14c1.1 0 2-.9 2-2V5c0-1.1-.9-2-2-2z"
                  />
                </svg>
              </span>
              <span
                className="MuiTouchRipple-root"
              />
            </span>
          </td>
          <td
            aria-sort={null}
            className="MuiTableCell-root MuiTableCell-body MuiTableCell-paddingCheckbox MuiTableCell-sizeSmall"
          />
          <td
            aria-sort={null}
            className="MuiTableCell-root MuiTableCell-body MuiTableCell-sizeSmall"
          >
            <span
              className="makeStyles-dataLink-14"
              id="tableView.listingTable.CORE-8424.txt.navigationLink"
              onClick={[Function]}
              onKeyDown={[Function]}
              role="link"
              tabIndex={0}
            >
              CORE-8424.txt
            </span>
          </td>
          <td
            aria-sort={null}
            className="MuiTableCell-root MuiTableCell-body MuiTableCell-alignRight MuiTableCell-sizeSmall"
          >
            <button
              aria-controls="tableView.listingTable.CORE-8424.txt.moreMenu"
              aria-haspopup="true"
              className="MuiButtonBase-root MuiIconButton-root MuiIconButton-sizeSmall"
              disabled={false}
              id="tableView.listingTable.CORE-8424.txt.dotMenuIcon"
              onBlur={[Function]}
              onClick={[Function]}
              onDragLeave={[Function]}
              onFocus={[Function]}
              onKeyDown={[Function]}
              onKeyUp={[Function]}
              onMouseDown={[Function]}
              onMouseLeave={[Function]}
              onMouseUp={[Function]}
              onTouchEnd={[Function]}
              onTouchMove={[Function]}
              onTouchStart={[Function]}
              tabIndex={0}
              type="button"
            >
              <span
                className="MuiIconButton-label"
              >
                <svg
                  aria-hidden={true}
                  className="MuiSvgIcon-root"
                  focusable="false"
                  viewBox="0 0 24 24"
                >
                  <path
                    d="M12 8c1.1 0 2-.9 2-2s-.9-2-2-2-2 .9-2 2 .9 2 2 2zm0 2c-1.1 0-2 .9-2 2s.9 2 2 2 2-.9 2-2-.9-2-2-2zm0 6c-1.1 0-2 .9-2 2s.9 2 2 2 2-.9 2-2-.9-2-2-2z"
                  />
                </svg>
              </span>
              <span
                className="MuiTouchRipple-root"
              />
            </button>
            <form
              onReset={[Function]}
              onSubmit={[Function]}
            />
          </td>
        </tr>
        <tr
          aria-checked={false}
          aria-label={null}
          className="MuiTableRow-root MuiTableRow-hover"
          id="tableView.listingTable.sample.csv"
          onClick={[Function]}
          role="checkbox"
          tabIndex={0}
          title={null}
        >
          <td
            aria-sort={null}
            className="MuiTableCell-root MuiTableCell-body MuiTableCell-paddingCheckbox MuiTableCell-sizeSmall"
          >
            <span
              aria-disabled={false}
              className="MuiButtonBase-root MuiIconButton-root PrivateSwitchBase-root-4 MuiCheckbox-root MuiCheckbox-colorPrimary MuiIconButton-colorPrimary"
              onBlur={[Function]}
              onDragLeave={[Function]}
              onFocus={[Function]}
              onKeyDown={[Function]}
              onKeyUp={[Function]}
              onMouseDown={[Function]}
              onMouseLeave={[Function]}
              onMouseUp={[Function]}
              onTouchEnd={[Function]}
              onTouchMove={[Function]}
              onTouchStart={[Function]}
              tabIndex={null}
            >
              <span
                className="MuiIconButton-label"
              >
                <input
                  aria-label="sample.csv checkbox"
                  checked={false}
                  className="PrivateSwitchBase-input-7"
                  data-indeterminate={false}
                  id="tableView.listingTable.sample.csv.checkbox"
                  onChange={[Function]}
                  tabIndex={0}
                  type="checkbox"
                />
                <svg
                  aria-hidden={true}
                  className="MuiSvgIcon-root"
                  focusable="false"
                  viewBox="0 0 24 24"
                >
                  <path
                    d="M19 5v14H5V5h14m0-2H5c-1.1 0-2 .9-2 2v14c0 1.1.9 2 2 2h14c1.1 0 2-.9 2-2V5c0-1.1-.9-2-2-2z"
                  />
                </svg>
              </span>
              <span
                className="MuiTouchRipple-root"
              />
            </span>
          </td>
          <td
            aria-sort={null}
            className="MuiTableCell-root MuiTableCell-body MuiTableCell-paddingCheckbox MuiTableCell-sizeSmall"
          />
          <td
            aria-sort={null}
            className="MuiTableCell-root MuiTableCell-body MuiTableCell-sizeSmall"
          >
            <span
              className="makeStyles-dataLink-14"
              id="tableView.listingTable.sample.csv.navigationLink"
              onClick={[Function]}
              onKeyDown={[Function]}
              role="link"
              tabIndex={0}
            >
              sample.csv
            </span>
          </td>
          <td
            aria-sort={null}
            className="MuiTableCell-root MuiTableCell-body MuiTableCell-alignRight MuiTableCell-sizeSmall"
          >
            <button
              aria-controls="tableView.listingTable.sample.csv.moreMenu"
              aria-haspopup="true"
              className="MuiButtonBase-root MuiIconButton-root MuiIconButton-sizeSmall"
              disabled={false}
              id="tableView.listingTable.sample.csv.dotMenuIcon"
              onBlur={[Function]}
              onClick={[Function]}
              onDragLeave={[Function]}
              onFocus={[Function]}
              onKeyDown={[Function]}
              onKeyUp={[Function]}
              onMouseDown={[Function]}
              onMouseLeave={[Function]}
              onMouseUp={[Function]}
              onTouchEnd={[Function]}
              onTouchMove={[Function]}
              onTouchStart={[Function]}
              tabIndex={0}
              type="button"
            >
              <span
                className="MuiIconButton-label"
              >
                <svg
                  aria-hidden={true}
                  className="MuiSvgIcon-root"
                  focusable="false"
                  viewBox="0 0 24 24"
                >
                  <path
                    d="M12 8c1.1 0 2-.9 2-2s-.9-2-2-2-2 .9-2 2 .9 2 2 2zm0 2c-1.1 0-2 .9-2 2s.9 2 2 2 2-.9 2-2-.9-2-2-2zm0 6c-1.1 0-2 .9-2 2s.9 2 2 2 2-.9 2-2-.9-2-2-2z"
                  />
                </svg>
              </span>
              <span
                className="MuiTouchRipple-root"
              />
            </button>
            <form
              onReset={[Function]}
              onSubmit={[Function]}
            />
          </td>
        </tr>
      </tbody>
    </table>
  </div>,
  <input
    id="tableView.listingTable.uploadMenuItem.input"
    multiple={true}
    onChange={[Function]}
    style={
      Object {
        "display": "none",
      }
    }
    type="file"
  />,
]
`;
