// Jest Snapshot v1, https://goo.gl/fbAQLP

exports[`App Bar renders 1`] = `
<div
  className="makeStyles-root-1"
>
  <header
    className="MuiPaper-root MuiAppBar-root MuiAppBar-positionStatic MuiAppBar-colorPrimary makeStyles-appBar-2 MuiPaper-outlined"
    id="appBar"
  >
    <div
      className="MuiToolbar-root MuiToolbar-regular MuiToolbar-gutters"
    >
      <div
        className="makeStyles-root-1"
      />
      <div
        style={
          Object {
            "display": "flex",
          }
        }
      >
        <button
          aria-label="show new notifications"
          className="MuiButtonBase-root MuiIconButton-root makeStyles-notification-4 MuiIconButton-colorPrimary"
          disabled={false}
          id="appBar.notificationButton"
          onBlur={[Function]}
          onDragLeave={[Function]}
          onFocus={[Function]}
          onKeyDown={[Function]}
          onKeyUp={[Function]}
          onMouseDown={[Function]}
          onMouseLeave={[Function]}
          onMouseUp={[Function]}
          onTouchEnd={[Function]}
          onTouchMove={[Function]}
          onTouchStart={[Function]}
          tabIndex={0}
          type="button"
        >
          <span
            className="MuiIconButton-label"
          >
            <span
              className="MuiBadge-root"
            >
              <svg
                aria-hidden="true"
                className="MuiSvgIcon-root"
                focusable="false"
                role="presentation"
                viewBox="0 0 24 24"
              >
                <path
                  d="M12 22c1.1 0 2-.9 2-2h-4c0 1.1.89 2 2 2zm6-6v-5c0-3.07-1.64-5.64-4.5-6.32V4c0-.83-.67-1.5-1.5-1.5s-1.5.67-1.5 1.5v.68C7.63 5.36 6 7.92 6 11v5l-2 2v1h16v-1l-2-2z"
                />
              </svg>
              <span
                className="MuiBadge-badge MuiBadge-anchorOriginTopRightRectangle MuiBadge-colorError MuiBadge-invisible"
              >
                0
              </span>
            </span>
          </span>
          <span
            className="MuiTouchRipple-root"
          />
        </button>
      </div>
    </div>
  </header>
</div>
`;

exports[`Nav Bar renders 1`] = `null`;
